exports[`test no prop snapshot 1`] = `
<svg
  aria-labelledby="title desc"
  className="__react-svg-spinner_circle"
  role="img"
  viewBox="0 0 32 32">
  <title
    id="title">
    Circle loading spinner
  </title>
  <desc
    id="desc">
    Image of a partial circle indicating \"loading.\"
  </desc>
  <style
    dangerouslySetInnerHTML={
      Object {
        "__html": "
            .__react-svg-spinner_circle{
                transition-property: transform;
                animation-name: __react-svg-spinner_infinite-spin;
                animation-duration: 750ms;
                animation-iteration-count: infinite;
                animation-timing-function: linear;
            }
            @keyframes __react-svg-spinner_infinite-spin {
                from {transform: rotate(0deg)}
                to {transform: rotate(360deg)}
            }
          ",
      }
    } />
  <circle
    cx={16}
    cy={16}
    fill="none"
    r={12}
    role="presentation"
    stroke="rgba(0,0,0,0.4)"
    strokeDasharray={37.69911184307752}
    strokeLinecap="round"
    strokeWidth={4} />
</svg>
`;
